
> yummy-web@0.1.0 build
> next build

  ▲ Next.js 14.2.15
  - Environments: .env.local

   Creating an optimized production build ...
 ✓ Compiled successfully
   Linting and checking validity of types ...
   Collecting page data ...
   Generating static pages (0/17) ...
   Generating static pages (4/17) 
   Generating static pages (8/17) 
   Generating static pages (12/17) 
 ✓ Generating static pages (17/17)
   Finalizing page optimization ...
   Collecting build traces ...
[Error: ENOENT: no such file or directory, open '/home/ram0niswack/RootProjects/yummy-web/.next/server/app/_not-found/page.js.nft.json'] {
  errno: -2,
  code: 'ENOENT',
  syscall: 'open',
  path: '/home/ram0niswack/RootProjects/yummy-web/.next/server/app/_not-found/page.js.nft.json'
}
